// Jest Snapshot v1, https://goo.gl/fbAQLP

exports[`Component - CSS Reset should match snapshot with default values 1`] = `null`;
